// Jest Snapshot v1, https://goo.gl/fbAQLP

exports[`Calculator component test snapshot renders 1`] = `
<section
  className="calculatorSection"
>
  <h1>
    Let's do some math!
  </h1>
  <div
    className="calculator-container"
  >
    <div
      className="output"
      data-testid="testResult"
    >
      0
    </div>
    <button
      className="ac"
      onClick={[Function]}
      type="button"
    >
      AC
    </button>
    <button
      className="plus-minus"
      onClick={[Function]}
      type="button"
    >
      +/-
    </button>
    <button
      className="percentage"
      onClick={[Function]}
      type="button"
    >
      %
    </button>
    <button
      className="division"
      onClick={[Function]}
      type="button"
    >
      รท
    </button>
    <button
      className="seven"
      onClick={[Function]}
      type="button"
    >
      7
    </button>
    <button
      className="eight"
      onClick={[Function]}
      type="button"
    >
      8
    </button>
    <button
      className="nine"
      onClick={[Function]}
      type="button"
    >
      9
    </button>
    <button
      className="product"
      onClick={[Function]}
      type="button"
    >
      x
    </button>
    <button
      className="four"
      onClick={[Function]}
      type="button"
    >
      4
    </button>
    <button
      className="five"
      onClick={[Function]}
      type="button"
    >
      5
    </button>
    <button
      className="six"
      onClick={[Function]}
      type="button"
    >
      6
    </button>
    <button
      className="minus"
      onClick={[Function]}
      type="button"
    >
      -
    </button>
    <button
      className="one"
      onClick={[Function]}
      type="button"
    >
      1
    </button>
    <button
      className="two"
      onClick={[Function]}
      type="button"
    >
      2
    </button>
    <button
      className="three"
      onClick={[Function]}
      type="button"
    >
      3
    </button>
    <button
      className="plus"
      onClick={[Function]}
      type="button"
    >
      +
    </button>
    <button
      className="zero"
      onClick={[Function]}
      type="button"
    >
      0
    </button>
    <button
      className="dot"
      onClick={[Function]}
      type="button"
    >
      .
    </button>
    <button
      className="equal"
      onClick={[Function]}
      type="button"
    >
      =
    </button>
  </div>
</section>
`;
