// Jest Snapshot v1, https://goo.gl/fbAQLP

exports[`Quote component test snapshot renders 1`] = `
<section
  className="quoteSection"
>
  <p>
    "
    Calculus is all about making curvy things look straight
    " Â 
    <span>
      --
      Anonymous Professor
      ;
    </span>
  </p>
</section>
`;
